{
  "$schema": "https://core.qlik.com/json-schema/generic-dimension.json",
  "qDim": {
    "qFieldDefs": [
      "abcs"
    ],
    "qFieldLabels": [],
    "qGrouping": "N"
  },
  "qInfo": {
    "qId": "dimension-abcs",
    "qType": "dimension"
  },
  "qMetaDef": {}
}
